// Jest Snapshot v1, https://goo.gl/fbAQLP

exports[`Atoms/Cast should render as expected 1`] = `
ShallowWrapper {
  Symbol(enzyme.__root__): [Circular],
  Symbol(enzyme.__unrendered__): <Cast
    cast={
      Object {
        "character": "test",
        "id": 1,
        "name": "test",
        "profile_path": "/PSK6GmsVwdhqz9cd1lwzC6a7EA.jpg",
      }
    }
    type="full"
  />,
  Symbol(enzyme.__renderer__): Object {
    "batchedUpdates": [Function],
    "checkPropTypes": [Function],
    "getNode": [Function],
    "render": [Function],
    "simulateError": [Function],
    "simulateEvent": [Function],
    "unmount": [Function],
  },
  Symbol(enzyme.__node__): Object {
    "instance": null,
    "key": undefined,
    "nodeType": "host",
    "props": Object {
      "children": <Link
        replace={false}
        to="/person/1"
      >
        <Apollo(MediaImage)
          className="cast__img"
          filePath="/PSK6GmsVwdhqz9cd1lwzC6a7EA.jpg"
          mediaType="miniProfile"
          name="test"
          size={1}
        />
        <div
          className="cast__copy"
        >
          <strong>
            test
          </strong>
          <br />
          <small>
            test
          </small>
        </div>
      </Link>,
      "className": "cast__element full",
    },
    "ref": null,
    "rendered": Object {
      "instance": null,
      "key": undefined,
      "nodeType": "class",
      "props": Object {
        "children": Array [
          <Apollo(MediaImage)
            className="cast__img"
            filePath="/PSK6GmsVwdhqz9cd1lwzC6a7EA.jpg"
            mediaType="miniProfile"
            name="test"
            size={1}
          />,
          <div
            className="cast__copy"
          >
            <strong>
              test
            </strong>
            <br />
            <small>
              test
            </small>
          </div>,
        ],
        "replace": false,
        "to": "/person/1",
      },
      "ref": null,
      "rendered": Array [
        Object {
          "instance": null,
          "key": undefined,
          "nodeType": "class",
          "props": Object {
            "className": "cast__img",
            "filePath": "/PSK6GmsVwdhqz9cd1lwzC6a7EA.jpg",
            "mediaType": "miniProfile",
            "name": "test",
            "size": 1,
          },
          "ref": null,
          "rendered": null,
          "type": [Function],
        },
        Object {
          "instance": null,
          "key": undefined,
          "nodeType": "host",
          "props": Object {
            "children": Array [
              <strong>
                test
              </strong>,
              <br />,
              <small>
                test
              </small>,
            ],
            "className": "cast__copy",
          },
          "ref": null,
          "rendered": Array [
            Object {
              "instance": null,
              "key": undefined,
              "nodeType": "host",
              "props": Object {
                "children": "test",
              },
              "ref": null,
              "rendered": "test",
              "type": "strong",
            },
            Object {
              "instance": null,
              "key": undefined,
              "nodeType": "host",
              "props": Object {},
              "ref": null,
              "rendered": null,
              "type": "br",
            },
            Object {
              "instance": null,
              "key": undefined,
              "nodeType": "host",
              "props": Object {
                "children": "test",
              },
              "ref": null,
              "rendered": "test",
              "type": "small",
            },
          ],
          "type": "div",
        },
      ],
      "type": [Function],
    },
    "type": "div",
  },
  Symbol(enzyme.__nodes__): Array [
    Object {
      "instance": null,
      "key": undefined,
      "nodeType": "host",
      "props": Object {
        "children": <Link
          replace={false}
          to="/person/1"
        >
          <Apollo(MediaImage)
            className="cast__img"
            filePath="/PSK6GmsVwdhqz9cd1lwzC6a7EA.jpg"
            mediaType="miniProfile"
            name="test"
            size={1}
          />
          <div
            className="cast__copy"
          >
            <strong>
              test
            </strong>
            <br />
            <small>
              test
            </small>
          </div>
        </Link>,
        "className": "cast__element full",
      },
      "ref": null,
      "rendered": Object {
        "instance": null,
        "key": undefined,
        "nodeType": "class",
        "props": Object {
          "children": Array [
            <Apollo(MediaImage)
              className="cast__img"
              filePath="/PSK6GmsVwdhqz9cd1lwzC6a7EA.jpg"
              mediaType="miniProfile"
              name="test"
              size={1}
            />,
            <div
              className="cast__copy"
            >
              <strong>
                test
              </strong>
              <br />
              <small>
                test
              </small>
            </div>,
          ],
          "replace": false,
          "to": "/person/1",
        },
        "ref": null,
        "rendered": Array [
          Object {
            "instance": null,
            "key": undefined,
            "nodeType": "class",
            "props": Object {
              "className": "cast__img",
              "filePath": "/PSK6GmsVwdhqz9cd1lwzC6a7EA.jpg",
              "mediaType": "miniProfile",
              "name": "test",
              "size": 1,
            },
            "ref": null,
            "rendered": null,
            "type": [Function],
          },
          Object {
            "instance": null,
            "key": undefined,
            "nodeType": "host",
            "props": Object {
              "children": Array [
                <strong>
                  test
                </strong>,
                <br />,
                <small>
                  test
                </small>,
              ],
              "className": "cast__copy",
            },
            "ref": null,
            "rendered": Array [
              Object {
                "instance": null,
                "key": undefined,
                "nodeType": "host",
                "props": Object {
                  "children": "test",
                },
                "ref": null,
                "rendered": "test",
                "type": "strong",
              },
              Object {
                "instance": null,
                "key": undefined,
                "nodeType": "host",
                "props": Object {},
                "ref": null,
                "rendered": null,
                "type": "br",
              },
              Object {
                "instance": null,
                "key": undefined,
                "nodeType": "host",
                "props": Object {
                  "children": "test",
                },
                "ref": null,
                "rendered": "test",
                "type": "small",
              },
            ],
            "type": "div",
          },
        ],
        "type": [Function],
      },
      "type": "div",
    },
  ],
  Symbol(enzyme.__options__): Object {
    "adapter": ReactSixteenAdapter {
      "options": Object {
        "enableComponentDidUpdateOnSetState": true,
        "legacyContextMode": "parent",
        "lifecycles": Object {
          "componentDidUpdate": Object {
            "onSetState": true,
          },
          "getChildContext": Object {
            "calledByRenderer": false,
          },
          "getDerivedStateFromProps": true,
          "getSnapshotBeforeUpdate": true,
          "setState": Object {
            "skipsComponentDidUpdateOnNullish": true,
          },
        },
      },
    },
  },
}
`;
