// Jest Snapshot v1, https://goo.gl/fbAQLP

exports[`Queries/withConfig should render as expected 1`] = `
ShallowWrapper {
  Symbol(enzyme.__root__): [Circular],
  Symbol(enzyme.__unrendered__): <MockComponent
    config={
      Object {
        "images": Object {
          "backdrop_sizes": Array [
            "1",
            "2",
            "3",
            "4",
          ],
          "base_url": "path/to/image",
          "poster_sizes": Array [
            "1",
            "2",
            "3",
            "4",
          ],
          "profile_sizes": Array [
            "1",
            "2",
            "3",
            "4",
          ],
          "secure_base_url": "path/to/image",
          "still_sizes": Array [
            "1",
            "2",
            "3",
            "4",
          ],
        },
      }
    }
    options={
      Object {
        "fetchPolicy": "cache-and-network",
      }
    }
  />,
  Symbol(enzyme.__renderer__): Object {
    "batchedUpdates": [Function],
    "checkPropTypes": [Function],
    "getNode": [Function],
    "render": [Function],
    "simulateError": [Function],
    "simulateEvent": [Function],
    "unmount": [Function],
  },
  Symbol(enzyme.__node__): Object {
    "config": Object {
      "images": Object {
        "backdrop_sizes": Array [
          "1",
          "2",
          "3",
          "4",
        ],
        "base_url": "path/to/image",
        "poster_sizes": Array [
          "1",
          "2",
          "3",
          "4",
        ],
        "profile_sizes": Array [
          "1",
          "2",
          "3",
          "4",
        ],
        "secure_base_url": "path/to/image",
        "still_sizes": Array [
          "1",
          "2",
          "3",
          "4",
        ],
      },
    },
    "configLoading": undefined,
    "options": Object {
      "fetchPolicy": "cache-and-network",
    },
  },
  Symbol(enzyme.__nodes__): Array [
    Object {
      "config": Object {
        "images": Object {
          "backdrop_sizes": Array [
            "1",
            "2",
            "3",
            "4",
          ],
          "base_url": "path/to/image",
          "poster_sizes": Array [
            "1",
            "2",
            "3",
            "4",
          ],
          "profile_sizes": Array [
            "1",
            "2",
            "3",
            "4",
          ],
          "secure_base_url": "path/to/image",
          "still_sizes": Array [
            "1",
            "2",
            "3",
            "4",
          ],
        },
      },
      "configLoading": undefined,
      "options": Object {
        "fetchPolicy": "cache-and-network",
      },
    },
  ],
  Symbol(enzyme.__options__): Object {
    "adapter": ReactSixteenAdapter {
      "options": Object {
        "enableComponentDidUpdateOnSetState": true,
        "legacyContextMode": "parent",
        "lifecycles": Object {
          "componentDidUpdate": Object {
            "onSetState": true,
          },
          "getChildContext": Object {
            "calledByRenderer": false,
          },
          "getDerivedStateFromProps": true,
          "getSnapshotBeforeUpdate": true,
          "setState": Object {
            "skipsComponentDidUpdateOnNullish": true,
          },
        },
      },
    },
  },
}
`;
