// Jest Snapshot v1, https://goo.gl/fbAQLP

exports[`Molecules/FullCastCrew should render as expected 1`] = `
ShallowWrapper {
  Symbol(enzyme.__root__): [Circular],
  Symbol(enzyme.__unrendered__): <FullCastCrew
    movie={
      Object {
        "credits": Object {
          "cast": Array [
            Object {
              "credit_id": 1,
            },
          ],
          "crew": Array [
            Object {
              "credit_id": 1,
              "job": "job",
              "name": "name",
              "profile_path": "path/to/image",
            },
          ],
        },
      }
    }
  />,
  Symbol(enzyme.__renderer__): Object {
    "batchedUpdates": [Function],
    "checkPropTypes": [Function],
    "getNode": [Function],
    "render": [Function],
    "simulateError": [Function],
    "simulateEvent": [Function],
    "unmount": [Function],
  },
  Symbol(enzyme.__node__): Object {
    "instance": null,
    "key": undefined,
    "nodeType": "host",
    "props": Object {
      "children": <div
        className="full-ca-cr"
      >
        <div
          className="full-ca-cr__col"
        >
          <h3>
            Cast
            <span>
               1
            </span>
          </h3>
          <Cast
            cast={
              Object {
                "credit_id": 1,
              }
            }
            type="full"
          />
        </div>
        <div
          className="full-ca-cr__col"
        >
          <h3>
            Crew
            <span>
               1
            </span>
          </h3>
          <div
            className="full-ca-cr__element"
          >
            <MediaImage
              className="full-ca-cr__image"
              filePath="path/to/image"
              mediaType="miniProfile"
              name="name"
            />
            <div
              className="full-ca-cr__copy"
            >
              <strong>
                name
              </strong>
              <br />
              <small>
                job
              </small>
            </div>
          </div>
        </div>
      </div>,
    },
    "ref": null,
    "rendered": Object {
      "instance": null,
      "key": undefined,
      "nodeType": "host",
      "props": Object {
        "children": Array [
          <div
            className="full-ca-cr__col"
          >
            <h3>
              Cast
              <span>
                 1
              </span>
            </h3>
            <Cast
              cast={
                Object {
                  "credit_id": 1,
                }
              }
              type="full"
            />
          </div>,
          <div
            className="full-ca-cr__col"
          >
            <h3>
              Crew
              <span>
                 1
              </span>
            </h3>
            <div
              className="full-ca-cr__element"
            >
              <MediaImage
                className="full-ca-cr__image"
                filePath="path/to/image"
                mediaType="miniProfile"
                name="name"
              />
              <div
                className="full-ca-cr__copy"
              >
                <strong>
                  name
                </strong>
                <br />
                <small>
                  job
                </small>
              </div>
            </div>
          </div>,
        ],
        "className": "full-ca-cr",
      },
      "ref": null,
      "rendered": Array [
        Object {
          "instance": null,
          "key": undefined,
          "nodeType": "host",
          "props": Object {
            "children": Array [
              <h3>
                Cast
                <span>
                   1
                </span>
              </h3>,
              Array [
                <Cast
                  cast={
                    Object {
                      "credit_id": 1,
                    }
                  }
                  type="full"
                />,
              ],
            ],
            "className": "full-ca-cr__col",
          },
          "ref": null,
          "rendered": Array [
            Object {
              "instance": null,
              "key": undefined,
              "nodeType": "host",
              "props": Object {
                "children": Array [
                  "Cast",
                  <span>
                     1
                  </span>,
                ],
              },
              "ref": null,
              "rendered": Array [
                "Cast",
                Object {
                  "instance": null,
                  "key": undefined,
                  "nodeType": "host",
                  "props": Object {
                    "children": " 1",
                  },
                  "ref": null,
                  "rendered": " 1",
                  "type": "span",
                },
              ],
              "type": "h3",
            },
            Object {
              "instance": null,
              "key": "1",
              "nodeType": "function",
              "props": Object {
                "cast": Object {
                  "credit_id": 1,
                },
                "type": "full",
              },
              "ref": null,
              "rendered": null,
              "type": [Function],
            },
          ],
          "type": "div",
        },
        Object {
          "instance": null,
          "key": undefined,
          "nodeType": "host",
          "props": Object {
            "children": Array [
              <h3>
                Crew
                <span>
                   1
                </span>
              </h3>,
              Array [
                <div
                  className="full-ca-cr__element"
                >
                  <MediaImage
                    className="full-ca-cr__image"
                    filePath="path/to/image"
                    mediaType="miniProfile"
                    name="name"
                  />
                  <div
                    className="full-ca-cr__copy"
                  >
                    <strong>
                      name
                    </strong>
                    <br />
                    <small>
                      job
                    </small>
                  </div>
                </div>,
              ],
            ],
            "className": "full-ca-cr__col",
          },
          "ref": null,
          "rendered": Array [
            Object {
              "instance": null,
              "key": undefined,
              "nodeType": "host",
              "props": Object {
                "children": Array [
                  "Crew",
                  <span>
                     1
                  </span>,
                ],
              },
              "ref": null,
              "rendered": Array [
                "Crew",
                Object {
                  "instance": null,
                  "key": undefined,
                  "nodeType": "host",
                  "props": Object {
                    "children": " 1",
                  },
                  "ref": null,
                  "rendered": " 1",
                  "type": "span",
                },
              ],
              "type": "h3",
            },
            Object {
              "instance": null,
              "key": "1",
              "nodeType": "host",
              "props": Object {
                "children": Array [
                  <MediaImage
                    className="full-ca-cr__image"
                    filePath="path/to/image"
                    mediaType="miniProfile"
                    name="name"
                  />,
                  <div
                    className="full-ca-cr__copy"
                  >
                    <strong>
                      name
                    </strong>
                    <br />
                    <small>
                      job
                    </small>
                  </div>,
                ],
                "className": "full-ca-cr__element",
              },
              "ref": null,
              "rendered": Array [
                Object {
                  "instance": null,
                  "key": undefined,
                  "nodeType": "function",
                  "props": Object {
                    "className": "full-ca-cr__image",
                    "filePath": "path/to/image",
                    "mediaType": "miniProfile",
                    "name": "name",
                  },
                  "ref": null,
                  "rendered": null,
                  "type": [Function],
                },
                Object {
                  "instance": null,
                  "key": undefined,
                  "nodeType": "host",
                  "props": Object {
                    "children": Array [
                      <strong>
                        name
                      </strong>,
                      <br />,
                      <small>
                        job
                      </small>,
                    ],
                    "className": "full-ca-cr__copy",
                  },
                  "ref": null,
                  "rendered": Array [
                    Object {
                      "instance": null,
                      "key": undefined,
                      "nodeType": "host",
                      "props": Object {
                        "children": "name",
                      },
                      "ref": null,
                      "rendered": "name",
                      "type": "strong",
                    },
                    Object {
                      "instance": null,
                      "key": undefined,
                      "nodeType": "host",
                      "props": Object {},
                      "ref": null,
                      "rendered": null,
                      "type": "br",
                    },
                    Object {
                      "instance": null,
                      "key": undefined,
                      "nodeType": "host",
                      "props": Object {
                        "children": "job",
                      },
                      "ref": null,
                      "rendered": "job",
                      "type": "small",
                    },
                  ],
                  "type": "div",
                },
              ],
              "type": "div",
            },
          ],
          "type": "div",
        },
      ],
      "type": "div",
    },
    "type": "div",
  },
  Symbol(enzyme.__nodes__): Array [
    Object {
      "instance": null,
      "key": undefined,
      "nodeType": "host",
      "props": Object {
        "children": <div
          className="full-ca-cr"
        >
          <div
            className="full-ca-cr__col"
          >
            <h3>
              Cast
              <span>
                 1
              </span>
            </h3>
            <Cast
              cast={
                Object {
                  "credit_id": 1,
                }
              }
              type="full"
            />
          </div>
          <div
            className="full-ca-cr__col"
          >
            <h3>
              Crew
              <span>
                 1
              </span>
            </h3>
            <div
              className="full-ca-cr__element"
            >
              <MediaImage
                className="full-ca-cr__image"
                filePath="path/to/image"
                mediaType="miniProfile"
                name="name"
              />
              <div
                className="full-ca-cr__copy"
              >
                <strong>
                  name
                </strong>
                <br />
                <small>
                  job
                </small>
              </div>
            </div>
          </div>
        </div>,
      },
      "ref": null,
      "rendered": Object {
        "instance": null,
        "key": undefined,
        "nodeType": "host",
        "props": Object {
          "children": Array [
            <div
              className="full-ca-cr__col"
            >
              <h3>
                Cast
                <span>
                   1
                </span>
              </h3>
              <Cast
                cast={
                  Object {
                    "credit_id": 1,
                  }
                }
                type="full"
              />
            </div>,
            <div
              className="full-ca-cr__col"
            >
              <h3>
                Crew
                <span>
                   1
                </span>
              </h3>
              <div
                className="full-ca-cr__element"
              >
                <MediaImage
                  className="full-ca-cr__image"
                  filePath="path/to/image"
                  mediaType="miniProfile"
                  name="name"
                />
                <div
                  className="full-ca-cr__copy"
                >
                  <strong>
                    name
                  </strong>
                  <br />
                  <small>
                    job
                  </small>
                </div>
              </div>
            </div>,
          ],
          "className": "full-ca-cr",
        },
        "ref": null,
        "rendered": Array [
          Object {
            "instance": null,
            "key": undefined,
            "nodeType": "host",
            "props": Object {
              "children": Array [
                <h3>
                  Cast
                  <span>
                     1
                  </span>
                </h3>,
                Array [
                  <Cast
                    cast={
                      Object {
                        "credit_id": 1,
                      }
                    }
                    type="full"
                  />,
                ],
              ],
              "className": "full-ca-cr__col",
            },
            "ref": null,
            "rendered": Array [
              Object {
                "instance": null,
                "key": undefined,
                "nodeType": "host",
                "props": Object {
                  "children": Array [
                    "Cast",
                    <span>
                       1
                    </span>,
                  ],
                },
                "ref": null,
                "rendered": Array [
                  "Cast",
                  Object {
                    "instance": null,
                    "key": undefined,
                    "nodeType": "host",
                    "props": Object {
                      "children": " 1",
                    },
                    "ref": null,
                    "rendered": " 1",
                    "type": "span",
                  },
                ],
                "type": "h3",
              },
              Object {
                "instance": null,
                "key": "1",
                "nodeType": "function",
                "props": Object {
                  "cast": Object {
                    "credit_id": 1,
                  },
                  "type": "full",
                },
                "ref": null,
                "rendered": null,
                "type": [Function],
              },
            ],
            "type": "div",
          },
          Object {
            "instance": null,
            "key": undefined,
            "nodeType": "host",
            "props": Object {
              "children": Array [
                <h3>
                  Crew
                  <span>
                     1
                  </span>
                </h3>,
                Array [
                  <div
                    className="full-ca-cr__element"
                  >
                    <MediaImage
                      className="full-ca-cr__image"
                      filePath="path/to/image"
                      mediaType="miniProfile"
                      name="name"
                    />
                    <div
                      className="full-ca-cr__copy"
                    >
                      <strong>
                        name
                      </strong>
                      <br />
                      <small>
                        job
                      </small>
                    </div>
                  </div>,
                ],
              ],
              "className": "full-ca-cr__col",
            },
            "ref": null,
            "rendered": Array [
              Object {
                "instance": null,
                "key": undefined,
                "nodeType": "host",
                "props": Object {
                  "children": Array [
                    "Crew",
                    <span>
                       1
                    </span>,
                  ],
                },
                "ref": null,
                "rendered": Array [
                  "Crew",
                  Object {
                    "instance": null,
                    "key": undefined,
                    "nodeType": "host",
                    "props": Object {
                      "children": " 1",
                    },
                    "ref": null,
                    "rendered": " 1",
                    "type": "span",
                  },
                ],
                "type": "h3",
              },
              Object {
                "instance": null,
                "key": "1",
                "nodeType": "host",
                "props": Object {
                  "children": Array [
                    <MediaImage
                      className="full-ca-cr__image"
                      filePath="path/to/image"
                      mediaType="miniProfile"
                      name="name"
                    />,
                    <div
                      className="full-ca-cr__copy"
                    >
                      <strong>
                        name
                      </strong>
                      <br />
                      <small>
                        job
                      </small>
                    </div>,
                  ],
                  "className": "full-ca-cr__element",
                },
                "ref": null,
                "rendered": Array [
                  Object {
                    "instance": null,
                    "key": undefined,
                    "nodeType": "function",
                    "props": Object {
                      "className": "full-ca-cr__image",
                      "filePath": "path/to/image",
                      "mediaType": "miniProfile",
                      "name": "name",
                    },
                    "ref": null,
                    "rendered": null,
                    "type": [Function],
                  },
                  Object {
                    "instance": null,
                    "key": undefined,
                    "nodeType": "host",
                    "props": Object {
                      "children": Array [
                        <strong>
                          name
                        </strong>,
                        <br />,
                        <small>
                          job
                        </small>,
                      ],
                      "className": "full-ca-cr__copy",
                    },
                    "ref": null,
                    "rendered": Array [
                      Object {
                        "instance": null,
                        "key": undefined,
                        "nodeType": "host",
                        "props": Object {
                          "children": "name",
                        },
                        "ref": null,
                        "rendered": "name",
                        "type": "strong",
                      },
                      Object {
                        "instance": null,
                        "key": undefined,
                        "nodeType": "host",
                        "props": Object {},
                        "ref": null,
                        "rendered": null,
                        "type": "br",
                      },
                      Object {
                        "instance": null,
                        "key": undefined,
                        "nodeType": "host",
                        "props": Object {
                          "children": "job",
                        },
                        "ref": null,
                        "rendered": "job",
                        "type": "small",
                      },
                    ],
                    "type": "div",
                  },
                ],
                "type": "div",
              },
            ],
            "type": "div",
          },
        ],
        "type": "div",
      },
      "type": "div",
    },
  ],
  Symbol(enzyme.__options__): Object {
    "adapter": ReactSixteenAdapter {
      "options": Object {
        "enableComponentDidUpdateOnSetState": true,
        "legacyContextMode": "parent",
        "lifecycles": Object {
          "componentDidUpdate": Object {
            "onSetState": true,
          },
          "getChildContext": Object {
            "calledByRenderer": false,
          },
          "getDerivedStateFromProps": true,
          "getSnapshotBeforeUpdate": true,
          "setState": Object {
            "skipsComponentDidUpdateOnNullish": true,
          },
        },
      },
    },
  },
}
`;
