// Jest Snapshot v1, https://goo.gl/fbAQLP

exports[`Molecules/SignInFacebook should render as expected 1`] = `
ShallowWrapper {
  Symbol(enzyme.__root__): [Circular],
  Symbol(enzyme.__unrendered__): <SignInFacebook
    history={
      Object {
        "action": "POP",
        "block": [Function],
        "createHref": [Function],
        "go": [Function],
        "goBack": [Function],
        "goForward": [Function],
        "length": 1,
        "listen": [Function],
        "location": Object {
          "hash": "",
          "pathname": "/",
          "search": "",
          "state": undefined,
        },
        "push": [Function],
        "replace": [Function],
      }
    }
  />,
  Symbol(enzyme.__renderer__): Object {
    "batchedUpdates": [Function],
    "checkPropTypes": [Function],
    "getNode": [Function],
    "render": [Function],
    "simulateError": [Function],
    "simulateEvent": [Function],
    "unmount": [Function],
  },
  Symbol(enzyme.__node__): Object {
    "instance": null,
    "key": undefined,
    "nodeType": "host",
    "props": Object {
      "children": <Button
        active={false}
        block={false}
        bsClass="btn"
        bsStyle="default"
        className="btn btn-primary btn-block"
        disabled={false}
        onClick={[Function]}
        type="submit"
      >
        Log in with Facebook
      </Button>,
    },
    "ref": null,
    "rendered": Object {
      "instance": null,
      "key": undefined,
      "nodeType": "class",
      "props": Object {
        "active": false,
        "block": false,
        "bsClass": "btn",
        "bsStyle": "default",
        "children": "Log in with Facebook",
        "className": "btn btn-primary btn-block",
        "disabled": false,
        "onClick": [Function],
        "type": "submit",
      },
      "ref": null,
      "rendered": "Log in with Facebook",
      "type": [Function],
    },
    "type": "div",
  },
  Symbol(enzyme.__nodes__): Array [
    Object {
      "instance": null,
      "key": undefined,
      "nodeType": "host",
      "props": Object {
        "children": <Button
          active={false}
          block={false}
          bsClass="btn"
          bsStyle="default"
          className="btn btn-primary btn-block"
          disabled={false}
          onClick={[Function]}
          type="submit"
        >
          Log in with Facebook
        </Button>,
      },
      "ref": null,
      "rendered": Object {
        "instance": null,
        "key": undefined,
        "nodeType": "class",
        "props": Object {
          "active": false,
          "block": false,
          "bsClass": "btn",
          "bsStyle": "default",
          "children": "Log in with Facebook",
          "className": "btn btn-primary btn-block",
          "disabled": false,
          "onClick": [Function],
          "type": "submit",
        },
        "ref": null,
        "rendered": "Log in with Facebook",
        "type": [Function],
      },
      "type": "div",
    },
  ],
  Symbol(enzyme.__options__): Object {
    "adapter": ReactSixteenAdapter {
      "options": Object {
        "enableComponentDidUpdateOnSetState": true,
        "legacyContextMode": "parent",
        "lifecycles": Object {
          "componentDidUpdate": Object {
            "onSetState": true,
          },
          "getChildContext": Object {
            "calledByRenderer": false,
          },
          "getDerivedStateFromProps": true,
          "getSnapshotBeforeUpdate": true,
          "setState": Object {
            "skipsComponentDidUpdateOnNullish": true,
          },
        },
      },
    },
  },
}
`;
