// Jest Snapshot v1, https://goo.gl/fbAQLP

exports[`Queries/withGenres should render as expected 1`] = `
ShallowWrapper {
  Symbol(enzyme.__root__): [Circular],
  Symbol(enzyme.__unrendered__): <MockComponent
    genres={
      Object {
        "id": 1,
        "name": "genrename",
      }
    }
    options={
      Object {
        "fetchPolicy": "cache-and-network",
      }
    }
  />,
  Symbol(enzyme.__renderer__): Object {
    "batchedUpdates": [Function],
    "checkPropTypes": [Function],
    "getNode": [Function],
    "render": [Function],
    "simulateError": [Function],
    "simulateEvent": [Function],
    "unmount": [Function],
  },
  Symbol(enzyme.__node__): Object {
    "genres": Object {
      "id": 1,
      "name": "genrename",
    },
    "genresLoading": undefined,
    "options": Object {
      "fetchPolicy": "cache-and-network",
    },
  },
  Symbol(enzyme.__nodes__): Array [
    Object {
      "genres": Object {
        "id": 1,
        "name": "genrename",
      },
      "genresLoading": undefined,
      "options": Object {
        "fetchPolicy": "cache-and-network",
      },
    },
  ],
  Symbol(enzyme.__options__): Object {
    "adapter": ReactSixteenAdapter {
      "options": Object {
        "enableComponentDidUpdateOnSetState": true,
        "legacyContextMode": "parent",
        "lifecycles": Object {
          "componentDidUpdate": Object {
            "onSetState": true,
          },
          "getChildContext": Object {
            "calledByRenderer": false,
          },
          "getDerivedStateFromProps": true,
          "getSnapshotBeforeUpdate": true,
          "setState": Object {
            "skipsComponentDidUpdateOnNullish": true,
          },
        },
      },
    },
  },
}
`;
