// Jest Snapshot v1, https://goo.gl/fbAQLP

exports[`Organisms/TopPeopleProfile should render as expected 1`] = `
ShallowWrapper {
  Symbol(enzyme.__root__): [Circular],
  Symbol(enzyme.__unrendered__): <TopPeopleProfile
    handlePageSelect={[MockFunction]}
    page={1}
    toppeople={
      Array [
        Object {
          "id": 1,
          "name": "name",
          "profile_path": "path/to/image",
        },
      ]
    }
  />,
  Symbol(enzyme.__renderer__): Object {
    "batchedUpdates": [Function],
    "checkPropTypes": [Function],
    "getNode": [Function],
    "render": [Function],
    "simulateError": [Function],
    "simulateEvent": [Function],
    "unmount": [Function],
  },
  Symbol(enzyme.__node__): Object {
    "instance": null,
    "key": undefined,
    "nodeType": "host",
    "props": Object {
      "children": Array [
        <h2>
          POPULAR PEOPLE
        </h2>,
        <div
          className="top-people__list"
        >
          <Link
            replace={false}
            to="/person/1"
          >
            <figure
              className="top-people__list-element"
            >
              <MediaImage
                className="top-people__list-element__img"
                filePath="path/to/image"
                mediaType="profile"
                name="name"
                size={1}
              />
              <figcaption
                className="top-people__list-element__name"
              >
                name
              </figcaption>
            </figure>
          </Link>
        </div>,
        <MyPager
          handlePageSelect={[MockFunction]}
          page={1}
        />,
      ],
      "className": "top-people",
    },
    "ref": null,
    "rendered": Array [
      Object {
        "instance": null,
        "key": undefined,
        "nodeType": "host",
        "props": Object {
          "children": "POPULAR PEOPLE",
        },
        "ref": null,
        "rendered": "POPULAR PEOPLE",
        "type": "h2",
      },
      Object {
        "instance": null,
        "key": undefined,
        "nodeType": "host",
        "props": Object {
          "children": Array [
            <Link
              replace={false}
              to="/person/1"
            >
              <figure
                className="top-people__list-element"
              >
                <MediaImage
                  className="top-people__list-element__img"
                  filePath="path/to/image"
                  mediaType="profile"
                  name="name"
                  size={1}
                />
                <figcaption
                  className="top-people__list-element__name"
                >
                  name
                </figcaption>
              </figure>
            </Link>,
          ],
          "className": "top-people__list",
        },
        "ref": null,
        "rendered": Array [
          Object {
            "instance": null,
            "key": "1",
            "nodeType": "class",
            "props": Object {
              "children": <figure
                className="top-people__list-element"
              >
                <MediaImage
                  className="top-people__list-element__img"
                  filePath="path/to/image"
                  mediaType="profile"
                  name="name"
                  size={1}
                />
                <figcaption
                  className="top-people__list-element__name"
                >
                  name
                </figcaption>
              </figure>,
              "replace": false,
              "to": "/person/1",
            },
            "ref": null,
            "rendered": Object {
              "instance": null,
              "key": undefined,
              "nodeType": "host",
              "props": Object {
                "children": Array [
                  <MediaImage
                    className="top-people__list-element__img"
                    filePath="path/to/image"
                    mediaType="profile"
                    name="name"
                    size={1}
                  />,
                  <figcaption
                    className="top-people__list-element__name"
                  >
                    name
                  </figcaption>,
                ],
                "className": "top-people__list-element",
              },
              "ref": null,
              "rendered": Array [
                Object {
                  "instance": null,
                  "key": undefined,
                  "nodeType": "function",
                  "props": Object {
                    "className": "top-people__list-element__img",
                    "filePath": "path/to/image",
                    "mediaType": "profile",
                    "name": "name",
                    "size": 1,
                  },
                  "ref": null,
                  "rendered": null,
                  "type": [Function],
                },
                Object {
                  "instance": null,
                  "key": undefined,
                  "nodeType": "host",
                  "props": Object {
                    "children": "name",
                    "className": "top-people__list-element__name",
                  },
                  "ref": null,
                  "rendered": "name",
                  "type": "figcaption",
                },
              ],
              "type": "figure",
            },
            "type": [Function],
          },
        ],
        "type": "div",
      },
      Object {
        "instance": null,
        "key": undefined,
        "nodeType": "function",
        "props": Object {
          "handlePageSelect": [MockFunction],
          "page": 1,
        },
        "ref": null,
        "rendered": null,
        "type": [Function],
      },
    ],
    "type": "div",
  },
  Symbol(enzyme.__nodes__): Array [
    Object {
      "instance": null,
      "key": undefined,
      "nodeType": "host",
      "props": Object {
        "children": Array [
          <h2>
            POPULAR PEOPLE
          </h2>,
          <div
            className="top-people__list"
          >
            <Link
              replace={false}
              to="/person/1"
            >
              <figure
                className="top-people__list-element"
              >
                <MediaImage
                  className="top-people__list-element__img"
                  filePath="path/to/image"
                  mediaType="profile"
                  name="name"
                  size={1}
                />
                <figcaption
                  className="top-people__list-element__name"
                >
                  name
                </figcaption>
              </figure>
            </Link>
          </div>,
          <MyPager
            handlePageSelect={[MockFunction]}
            page={1}
          />,
        ],
        "className": "top-people",
      },
      "ref": null,
      "rendered": Array [
        Object {
          "instance": null,
          "key": undefined,
          "nodeType": "host",
          "props": Object {
            "children": "POPULAR PEOPLE",
          },
          "ref": null,
          "rendered": "POPULAR PEOPLE",
          "type": "h2",
        },
        Object {
          "instance": null,
          "key": undefined,
          "nodeType": "host",
          "props": Object {
            "children": Array [
              <Link
                replace={false}
                to="/person/1"
              >
                <figure
                  className="top-people__list-element"
                >
                  <MediaImage
                    className="top-people__list-element__img"
                    filePath="path/to/image"
                    mediaType="profile"
                    name="name"
                    size={1}
                  />
                  <figcaption
                    className="top-people__list-element__name"
                  >
                    name
                  </figcaption>
                </figure>
              </Link>,
            ],
            "className": "top-people__list",
          },
          "ref": null,
          "rendered": Array [
            Object {
              "instance": null,
              "key": "1",
              "nodeType": "class",
              "props": Object {
                "children": <figure
                  className="top-people__list-element"
                >
                  <MediaImage
                    className="top-people__list-element__img"
                    filePath="path/to/image"
                    mediaType="profile"
                    name="name"
                    size={1}
                  />
                  <figcaption
                    className="top-people__list-element__name"
                  >
                    name
                  </figcaption>
                </figure>,
                "replace": false,
                "to": "/person/1",
              },
              "ref": null,
              "rendered": Object {
                "instance": null,
                "key": undefined,
                "nodeType": "host",
                "props": Object {
                  "children": Array [
                    <MediaImage
                      className="top-people__list-element__img"
                      filePath="path/to/image"
                      mediaType="profile"
                      name="name"
                      size={1}
                    />,
                    <figcaption
                      className="top-people__list-element__name"
                    >
                      name
                    </figcaption>,
                  ],
                  "className": "top-people__list-element",
                },
                "ref": null,
                "rendered": Array [
                  Object {
                    "instance": null,
                    "key": undefined,
                    "nodeType": "function",
                    "props": Object {
                      "className": "top-people__list-element__img",
                      "filePath": "path/to/image",
                      "mediaType": "profile",
                      "name": "name",
                      "size": 1,
                    },
                    "ref": null,
                    "rendered": null,
                    "type": [Function],
                  },
                  Object {
                    "instance": null,
                    "key": undefined,
                    "nodeType": "host",
                    "props": Object {
                      "children": "name",
                      "className": "top-people__list-element__name",
                    },
                    "ref": null,
                    "rendered": "name",
                    "type": "figcaption",
                  },
                ],
                "type": "figure",
              },
              "type": [Function],
            },
          ],
          "type": "div",
        },
        Object {
          "instance": null,
          "key": undefined,
          "nodeType": "function",
          "props": Object {
            "handlePageSelect": [MockFunction],
            "page": 1,
          },
          "ref": null,
          "rendered": null,
          "type": [Function],
        },
      ],
      "type": "div",
    },
  ],
  Symbol(enzyme.__options__): Object {
    "adapter": ReactSixteenAdapter {
      "options": Object {
        "enableComponentDidUpdateOnSetState": true,
        "legacyContextMode": "parent",
        "lifecycles": Object {
          "componentDidUpdate": Object {
            "onSetState": true,
          },
          "getChildContext": Object {
            "calledByRenderer": false,
          },
          "getDerivedStateFromProps": true,
          "getSnapshotBeforeUpdate": true,
          "setState": Object {
            "skipsComponentDidUpdateOnNullish": true,
          },
        },
      },
    },
  },
}
`;
