// Jest Snapshot v1, https://goo.gl/fbAQLP

exports[`Atoms/FieldGroup should render as expected 1`] = `ShallowWrapper {}`;
